// Vitest Snapshot v1, https://vitest.dev/guide/snapshot.html

exports[`gen route types 1`] = `
"declare module "safe-routes" {
  type URLSearchParamsInit = string | string[][] | Record<string, string> | URLSearchParams;
  // symbol won't be a key of SearchParams
  type IsSearchParams<T> = symbol extends keyof T ? false : true;

  type ExportedQuery<T> = IsSearchParams<T> extends true ? T : URLSearchParamsInit;

  export interface Routes {
    "/": {
      params: never,
      query: ExportedQuery<import('../app/root.js').SearchParams>,
    },
    "/:lang?/about": {
      params: {'lang'?: string | number},
      query: ExportedQuery<import('../app/routes/($lang).about.js').SearchParams>,
    },
    "/:provider-key?/about": {
      params: {'provider-key'?: string | number},
      query: ExportedQuery<import('../app/routes/($provider-key).about.js').SearchParams>,
    },
    "/admin": {
      params: never,
      query: ExportedQuery<import('../app/routes/admin._index.js').SearchParams>,
    },
    "/admin/episodes": {
      params: never,
      query: ExportedQuery<import('../app/routes/admin.episodes._index.js').SearchParams>,
    },
    "/admin/episodes/:id": {
      params: {'id': string | number},
      query: ExportedQuery<import('../app/routes/admin.episodes.$id._index.js').SearchParams>,
    },
    "/admin/episodes/:id/comments": {
      params: {'id': string | number},
      query: ExportedQuery<import('../app/routes/admin.episodes.$id.comments.js').SearchParams>,
    },
    "/admin/episodes/new": {
      params: never,
      query: ExportedQuery<import('../app/routes/admin.episodes.new.js').SearchParams>,
    },
    "/api/:id.json": {
      params: {'id': string | number},
      query: ExportedQuery<import('../app/routes/api.$id[.]json.js').SearchParams>,
    },
    "/auth": {
      params: never,
      query: ExportedQuery<import('../app/routes/auth._auth.js').SearchParams>,
    },
    "/auth/:provider-key": {
      params: {'provider-key': string | number},
      query: ExportedQuery<import('../app/routes/auth.$provider-key..js').SearchParams>,
    },
    "/auth/login": {
      params: never,
      query: ExportedQuery<import('../app/routes/auth._auth.login.js').SearchParams>,
    },
    "/blog": {
      params: never,
      query: ExportedQuery<import('../app/routes/blog._index.js').SearchParams>,
    },
    "/blog/rss.xml": {
      params: never,
      query: ExportedQuery<import('../app/routes/blog.rss[.]xml.js').SearchParams>,
    },
    "/chats/:season/:episode": {
      params: {'season': string | number; 'episode': string | number},
      query: ExportedQuery<import('../app/routes/chats_.$season.$episode.js').SearchParams>,
    },
    "/chats/:season/:episode/:slug": {
      params: {'season': string | number; 'episode': string | number; 'slug': string | number},
      query: ExportedQuery<import('../app/routes/chats_.$season.$episode.$slug.js').SearchParams>,
    },
    "/credits": {
      params: never,
      query: ExportedQuery<import('../app/routes/credits.js').SearchParams>,
    },
    "/fruits": {
      params: never,
      query: ExportedQuery<import('../app/routes/fruits/index/route.js').SearchParams>,
    },
    "/fruits/:id": {
      params: {'id': string | number},
      query: ExportedQuery<import('../app/routes/fruits/show/route.js').SearchParams>,
    },
    "/home": {
      params: never,
      query: ExportedQuery<import('../app/routes/(static).home.js').SearchParams>,
    },
    "/jokes": {
      params: never,
      query: ExportedQuery<import('../app/routes/jokes._index.js').SearchParams>,
    },
    "/jokes/:jokeId": {
      params: {'jokeId': string | number},
      query: ExportedQuery<import('../app/routes/jokes.$jokeId.js').SearchParams>,
    },
    "/people/:personId": {
      params: {'personId': string | number},
      query: ExportedQuery<import('../app/routes/people.$personId.js').SearchParams>,
    },
    "/people/:personId/:planId/remove-plan": {
      params: {'personId': string | number; 'planId': string | number},
      query: ExportedQuery<import('../app/routes/people.$personId.$planId.remove-plan.js').SearchParams>,
    },
    "/posts": {
      params: never,
      query: ExportedQuery<import('../app/routes/posts._index.js').SearchParams>,
    },
    "/posts/:id": {
      params: {'id': string | number},
      query: ExportedQuery<import('../app/routes/posts.$id.js').SearchParams>,
    },
    "/posts/*": {
      params: {'*': string | number},
      query: ExportedQuery<import('../app/routes/posts.$.js').SearchParams>,
    },
    "/posts/delete": {
      params: never,
      query: ExportedQuery<import('../app/routes/posts.delete.js').SearchParams>,
    },
    "/s/:query": {
      params: {'query': string | number},
      query: ExportedQuery<import('../app/routes/s.$query.js').SearchParams>,
    },
    "/sign-in/*": {
      params: {'*': string | number},
      query: ExportedQuery<import('../app/routes/sign-in.$.js').SearchParams>,
    },
    "/somewhere/cool/*": {
      params: {'*': string | number},
      query: ExportedQuery<import('../app/catchall.js').SearchParams>,
    },
    "/static/home": {
      params: never,
      query: ExportedQuery<import('../app/routes/(static).home.js').SearchParams>,
    }
  }

  type RoutesWithParams = Pick<
    Routes,
    {
      [K in keyof Routes]: Routes[K]["params"] extends Record<string, never> ? never : K
    }[keyof Routes]
  >;

  export type RouteId =
            | 'root'
            | 'routes/chats_.$season.$episode'
            | 'routes/chats_.$season.$episode.$slug'
            | 'routes/people.$personId'
            | 'routes/people.$personId.$planId.remove-plan'
            | 'routes/api.$id[.]json'
            | 'routes/blog.rss[.]xml'
            | 'routes/($lang).about'
            | 'routes/(static).home'
            | 'routes/posts._index'
            | 'routes/posts.delete'
            | 'routes/auth._auth'
            | 'routes/auth._auth.login'
            | 'routes/posts.$id'
            | 'routes/sign-in.$'
            | 'routes/s.$query'
            | 'routes/credits'
            | 'routes/posts.$'
            | 'routes/admin'
            | 'routes/admin.episodes._index'
            | 'routes/admin.episodes.$id'
            | 'routes/admin.episodes.$id.comments'
            | 'routes/admin.episodes.$id._index'
            | 'routes/admin.episodes.new'
            | 'routes/admin._index'
            | 'routes/jokes'
            | 'routes/jokes.$jokeId'
            | 'routes/jokes._index'
            | 'routes/blog'
            | 'routes/blog._index'
            | 'routes/auth.$provider-key'
            | 'routes/($provider-key).about'
            | 'routes/fruits/route'
            | 'routes/fruits/index/route'
            | 'routes/fruits/show/route'
            | 'catchall';

  export function $path<
    Route extends keyof Routes,
    Rest extends {
      params: Routes[Route]["params"];
      query?: Routes[Route]["query"];
    }
  >(
    ...args: Rest["params"] extends Record<string, never>
      ? [route: Route, query?: Rest["query"]]
      : [route: Route, params: Rest["params"], query?: Rest["query"]]
  ): string;

  export function $routeId(routeId: RouteId): RouteId;

  /** @deprecated Prefer to use React Router's typegen features instead. */
  export function $params<
    Route extends keyof RoutesWithParams,
    Params extends RoutesWithParams[Route]["params"]
  >(
      route: Route,
      params: { readonly [key: string]: string | undefined }
  ): {[K in keyof Params]: string};
}"
`;
